<?php return array (
  0 => 'Symfony\\Bundle\\FrameworkBundle\\Controller\\AbstractController',
  1 => 'Glpi\\Api\\HL\\Controller\\AbstractController',
  2 => 'Glpi\\Api\\HL\\Controller\\AdministrationController',
  3 => 'Glpi\\Api\\HL\\Controller\\AssetController',
  4 => 'Glpi\\Api\\HL\\Controller\\CRUDControllerTrait',
  5 => 'Glpi\\Api\\HL\\Controller\\ComponentController',
  6 => 'Glpi\\Api\\HL\\Controller\\CoreController',
  7 => 'Glpi\\Api\\HL\\Controller\\CustomAssetController',
  8 => 'Glpi\\Api\\HL\\Controller\\DropdownController',
  9 => 'Glpi\\Api\\HL\\Controller\\GraphQLController',
  10 => 'Glpi\\Api\\HL\\Controller\\ITILController',
  11 => 'Glpi\\Api\\HL\\Controller\\ManagementController',
  12 => 'Glpi\\Api\\HL\\Controller\\ProjectController',
  13 => 'Glpi\\Api\\HL\\Controller\\ReportController',
  14 => 'Glpi\\Api\\HL\\Controller\\RuleController',
  15 => 'Glpi\\Controller\\AbstractController',
  16 => 'Glpi\\Controller\\ApiController',
  17 => 'Glpi\\Controller\\ApiRestController',
  18 => 'Glpi\\Controller\\CaldavController',
  19 => 'Glpi\\Controller\\CentralController',
  20 => 'Glpi\\Controller\\Config\\Helpdesk\\AbstractTileController',
  21 => 'Glpi\\Controller\\Config\\Helpdesk\\AddTileController',
  22 => 'Glpi\\Controller\\Config\\Helpdesk\\CopyParentEntityController',
  23 => 'Glpi\\Controller\\Config\\Helpdesk\\DeleteTileController',
  24 => 'Glpi\\Controller\\Config\\Helpdesk\\SetTilesOrderController',
  25 => 'Glpi\\Controller\\Config\\Helpdesk\\ShowAddTileFormController',
  26 => 'Glpi\\Controller\\Config\\Helpdesk\\ShowEditTileFormController',
  27 => 'Glpi\\Controller\\Config\\Helpdesk\\UpdateTileController',
  28 => 'Glpi\\Controller\\DropdownFormController',
  29 => 'Glpi\\Controller\\ErrorController',
  30 => 'Glpi\\Controller\\Form\\AllowListDropdown\\CountUsersController',
  31 => 'Glpi\\Controller\\Form\\Condition\\EditorController',
  32 => 'Glpi\\Controller\\Form\\Condition\\EngineController',
  33 => 'Glpi\\Controller\\Form\\DelegationController',
  34 => 'Glpi\\Controller\\Form\\Destination\\AddDestinationController',
  35 => 'Glpi\\Controller\\Form\\Destination\\PurgeDestinationController',
  36 => 'Glpi\\Controller\\Form\\Destination\\UpdateDestinationController',
  37 => 'Glpi\\Controller\\Form\\ExportController',
  38 => 'Glpi\\Controller\\Form\\Import\\Step1IndexController',
  39 => 'Glpi\\Controller\\Form\\Import\\Step2PreviewController',
  40 => 'Glpi\\Controller\\Form\\Import\\Step3ResolveIssuesController',
  41 => 'Glpi\\Controller\\Form\\Import\\Step4ExecuteController',
  42 => 'Glpi\\Controller\\Form\\QuestionActorsDropdownController',
  43 => 'Glpi\\Controller\\Form\\RendererController',
  44 => 'Glpi\\Controller\\Form\\SubmitAnswerController',
  45 => 'Glpi\\Controller\\Form\\TagListController',
  46 => 'Glpi\\Controller\\Form\\Translation\\AddNewFormTranslationController',
  47 => 'Glpi\\Controller\\Form\\Translation\\DeleteFormTranslationController',
  48 => 'Glpi\\Controller\\Form\\Translation\\UpdateFormTranslationController',
  49 => 'Glpi\\Controller\\Form\\Utils\\CanCheckAccessPolicies',
  50 => 'Glpi\\Controller\\Form\\ValidateAnswerController',
  51 => 'Glpi\\Controller\\GenericAjaxCrudController',
  52 => 'Glpi\\Controller\\GenericFormController',
  53 => 'Glpi\\Controller\\GenericListController',
  54 => 'Glpi\\Controller\\Helpdesk\\IndexController',
  55 => 'Glpi\\Controller\\Helpdesk\\SearchController',
  56 => 'Glpi\\Controller\\IndexController',
  57 => 'Glpi\\Controller\\InstallController',
  58 => 'Glpi\\Controller\\InventoryController',
  59 => 'Glpi\\Controller\\ItemType\\Form\\AuthMailFormController',
  60 => 'Glpi\\Controller\\ItemType\\Form\\ContactFormController',
  61 => 'Glpi\\Controller\\ItemType\\Form\\MailCollectorFormController',
  62 => 'Glpi\\Controller\\ItemType\\Form\\SavedSearchFormController',
  63 => 'Glpi\\Controller\\Knowbase\\KnowbaseItemController',
  64 => 'Glpi\\Controller\\LegacyFileLoadController',
  65 => 'Glpi\\Controller\\MaintenanceController',
  66 => 'Glpi\\Controller\\Plugin\\LogoController',
  67 => 'Glpi\\Controller\\ProgressController',
  68 => 'Glpi\\Controller\\RequestException',
  69 => 'Glpi\\Controller\\ServiceCatalog\\IndexController',
  70 => 'Glpi\\Controller\\ServiceCatalog\\ItemsController',
  71 => 'Glpi\\Controller\\Session\\ChangeEntityController',
  72 => 'Glpi\\Controller\\Session\\ChangeProfileController',
  73 => 'Glpi\\Controller\\StatusController',
  74 => 'Glpi\\Controller\\UI\\Illustration\\CustomIllustrationController',
  75 => 'Glpi\\Controller\\UI\\Illustration\\CustomSceneController',
  76 => 'Glpi\\Controller\\UI\\Illustration\\SearchController',
  77 => 'Glpi\\Controller\\UI\\Illustration\\UploadController',
  78 => 'Glpi\\Controller\\WellKnownController',
  80 => 'Symfony\\Bundle\\FrameworkBundle\\Controller\\ControllerResolver',
  81 => 'Symfony\\Bundle\\FrameworkBundle\\Controller\\RedirectController',
  82 => 'Symfony\\Bundle\\FrameworkBundle\\Controller\\TemplateController',
  83 => 'Symfony\\Bundle\\WebProfilerBundle\\Controller\\ExceptionPanelController',
  84 => 'Symfony\\Bundle\\WebProfilerBundle\\Controller\\ProfilerController',
  85 => 'Symfony\\Bundle\\WebProfilerBundle\\Controller\\RouterController',
  86 => 'Symfony\\Component\\HttpKernel\\Controller\\ArgumentResolver',
  87 => 'Symfony\\Component\\HttpKernel\\Controller\\ArgumentResolverInterface',
  88 => 'Symfony\\Component\\HttpKernel\\Controller\\ArgumentResolver\\BackedEnumValueResolver',
  89 => 'Symfony\\Component\\HttpKernel\\Controller\\ArgumentResolver\\DateTimeValueResolver',
  90 => 'Symfony\\Component\\HttpKernel\\Controller\\ArgumentResolver\\DefaultValueResolver',
  91 => 'Symfony\\Component\\HttpKernel\\Controller\\ArgumentResolver\\NotTaggedControllerValueResolver',
  92 => 'Symfony\\Component\\HttpKernel\\Controller\\ArgumentResolver\\QueryParameterValueResolver',
  93 => 'Symfony\\Component\\HttpKernel\\Controller\\ArgumentResolver\\RequestAttributeValueResolver',
  94 => 'Symfony\\Component\\HttpKernel\\Controller\\ArgumentResolver\\RequestPayloadValueResolver',
  95 => 'Symfony\\Component\\HttpKernel\\Controller\\ArgumentResolver\\RequestValueResolver',
  96 => 'Symfony\\Component\\HttpKernel\\Controller\\ArgumentResolver\\ServiceValueResolver',
  97 => 'Symfony\\Component\\HttpKernel\\Controller\\ArgumentResolver\\SessionValueResolver',
  98 => 'Symfony\\Component\\HttpKernel\\Controller\\ArgumentResolver\\TraceableValueResolver',
  99 => 'Symfony\\Component\\HttpKernel\\Controller\\ArgumentResolver\\UidValueResolver',
  100 => 'Symfony\\Component\\HttpKernel\\Controller\\ArgumentResolver\\VariadicValueResolver',
  101 => 'Symfony\\Component\\HttpKernel\\Controller\\ArgumentValueResolverInterface',
  102 => 'Symfony\\Component\\HttpKernel\\Controller\\ContainerControllerResolver',
  103 => 'Symfony\\Component\\HttpKernel\\Controller\\ControllerReference',
  104 => 'Symfony\\Component\\HttpKernel\\Controller\\ControllerResolver',
  105 => 'Symfony\\Component\\HttpKernel\\Controller\\ControllerResolverInterface',
  106 => 'Symfony\\Component\\HttpKernel\\Controller\\ErrorController',
  107 => 'Symfony\\Component\\HttpKernel\\Controller\\TraceableArgumentResolver',
  108 => 'Symfony\\Component\\HttpKernel\\Controller\\TraceableControllerResolver',
  109 => 'Symfony\\Component\\HttpKernel\\Controller\\ValueResolverInterface',
);